<html>
<body>
<pre>
<h1>µVision Build Log</h1>
<h2>Tool Versions:</h2>
IDE-Version: µVision V5.34.0.0
Copyright (C) 2021 ARM Ltd and ARM Germany GmbH. All rights reserved.
License Information: Panagiotis Karamitopoulos, AUTH, LIC=----
 
Tool Versions:
Toolchain:       MDK-Lite  Version: 5.34.0.0
Toolchain Path:  D:\Program Files\ARM\ARMCC\Bin
C Compiler:      Armcc.exe V5.06 update 7 (build 960)
Assembler:       Armasm.exe V5.06 update 7 (build 960)
Linker/Locator:  ArmLink.exe V5.06 update 7 (build 960)
Library Manager: ArmAr.exe V5.06 update 7 (build 960)
Hex Converter:   FromElf.exe V5.06 update 7 (build 960)
CPU DLL:         SARMCM3.DLL V5.34.0.0
Dialog DLL:      DCM.DLL V1.17.3.0
Target DLL:      STLink\ST-LINKIII-KEIL_SWO.dll V3.0.8.0
Dialog DLL:      TCM.DLL V1.48.0.0
 
<h2>Project:</h2>
D:\one drive\OneDrive\«ÃÃ’\8Ô ≈Œ¡Ã«Õœ\Ã… —œ≈–≈Œ≈—√¡”‘≈”  ¡… –≈—…÷≈—…¡ ¡\≈—√¡”‘«—…¡ 2022\Micro_Lab1_2022\Micro Lab1 2022\Test.uvprojx
Project File Date:  05/04/2022

<h2>Output:</h2>
*** Using Compiler 'V5.06 update 7 (build 960)', folder: 'D:\Program Files\ARM\ARMCC\Bin'
Build target 'Target 1'
compiling test.c...
test.c(64): warning:  #223-D: function "printf" declared implicitly
  	printf("String = %s\n", str);
test.c(40): warning: A1865W: '#' not seen before constant expression
test.c(41): warning: A1865W: '#' not seen before constant expression
test.c: 1 warning, 0 errors
linking...
Program Size: Code=4002 RO-data=542 RW-data=12 ZI-data=1884  
".\Objects\Test.axf" - 0 Error(s), 3 Warning(s).

<h2>Software Packages used:</h2>

Package Vendor: ARM
                http://www.keil.com/pack/ARM.CMSIS.5.7.0.pack
                ARM.CMSIS.5.7.0
                CMSIS (Cortex Microcontroller Software Interface Standard)
   * Component: CORE Version: 5.4.0

Package Vendor: Keil
                http://www.keil.com/pack/Keil.ARM_Compiler.1.6.3.pack
                Keil.ARM_Compiler.1.6.3
                Keil ARM Compiler extensions for ARM Compiler 5 and ARM Compiler 6
   * Component: STDERR Variant: ITM Version: 1.2.0
   * Component: STDIN Variant: ITM Version: 1.2.0
   * Component: STDOUT Variant: ITM Version: 1.2.0

Package Vendor: Keil
                http://www.keil.com/pack/Keil.STM32F4xx_DFP.2.16.0.pack
                Keil.STM32F4xx_DFP.2.16.0
                STMicroelectronics STM32F4 Series Device Support, Drivers and Examples
   * Component: Startup Version: 2.6.3

<h2>Collection of Component include folders:</h2>
  .\RTE\_Target_1
  D:\Program Files\ARM\CMSIS\5.7.0\CMSIS\Core\Include
  D:\Program Files\Keil\STM32F4xx_DFP\2.16.0\Drivers\CMSIS\Device\ST\STM32F4xx\Include

<h2>Collection of Component Files used:</h2>

   * Component: ARM::CMSIS:CORE:5.4.0

   * Component: Keil.ARM Compiler::Compiler:I/O:STDERR:ITM:1.2.0
      Source file:   Source\retarget_io.c

   * Component: Keil.ARM Compiler::Compiler:I/O:STDIN:ITM:1.2.0
      Source file:   Source\retarget_io.c

   * Component: Keil.ARM Compiler::Compiler:I/O:STDOUT:ITM:1.2.0
      Source file:   Source\retarget_io.c

   * Component: Keil::Device:Startup:2.6.3
      Source file:   MDK\Device\Source\ARM\STM32F411xx_OPT.s
      Source file:   Drivers\CMSIS\Device\ST\STM32F4xx\Source\Templates\arm\startup_stm32f411xe.s
      Source file:   MDK\Device\Source\ARM\STM32F4xx_OTP.s
      Include file:  Drivers\CMSIS\Device\ST\STM32F4xx\Include\stm32f4xx.h
      Source file:   Drivers\CMSIS\Device\ST\STM32F4xx\Source\Templates\system_stm32f4xx.c
Build Time Elapsed:  00:00:00
</pre>
</body>
</html>
